Microchip MPLAB XC8 Compiler V1.41 ()

Linker command line:

-W-3 --edf=D:\Program Files\Microchip\xc8\v1.41\dat\en_msgs.txt -cs \
  -h+dist/Program_Bootloader_Application/production\Hagen_Strip_III.X.production.sym \
  --cmf=dist/Program_Bootloader_Application/production\Hagen_Strip_III.X.production.cmf \
  -z -Q16F18345 -oC:\Users\liruya\AppData\Local\Temp\s89s.2 \
  -Mdist/Program_Bootloader_Application/production/Hagen_Strip_III.X.production.map \
  -E1 -ver=XC8 -ASTACK=021D0h-023efh -pstack=STACK \
  -ACODE=0400h-07FFh,0800h-0FFFhx3 -ASTRCODE=0400h-01FFFh \
  -ASTRING=0400h-04FFhx28 -ACONST=0400h-04FFhx28 -AENTRY=0400h-04FFhx28 \
  -ACOMMON=070h-07Fh -ABANK0=020h-06Fh -ABANK1=0A0h-0EFh \
  -ABANK2=0120h-016Fh -ABANK3=01A0h-01EFh -ABANK4=0220h-026Fh \
  -ABANK5=02A0h-02EFh -ABANK6=0320h-036Fh -ABANK7=03A0h-03EFh \
  -ABANK8=0420h-046Fh -ABANK9=04A0h-04EFh -ABANK10=0520h-056Fh \
  -ABANK11=05A0h-05EFh -ABANK12=0620h-064Fh -ABIGRAM=02000h-023EFh \
  -ARAM=020h-06Fh,0A0h-0EFh,0120h-016Fh,01A0h-01EFh,0220h-026Fh,02A0h-02EFh,0320h-036Fh,03A0h-03EFh,0420h-046Fh,04A0h-04EFh,0520h-056Fh,05A0h-05EFh,0620h-064Fh \
  -AABS1=020h-07Fh,0A0h-0EFh,0120h-016Fh,01A0h-01EFh,0220h-026Fh,02A0h-02EFh,0320h-036Fh,03A0h-03EFh,0420h-046Fh,04A0h-04EFh,0520h-056Fh,05A0h-05EFh,0620h-064Fh \
  -ASFR0=00h-01Fh -ASFR1=080h-09Fh -ASFR2=0100h-011Fh -ASFR3=0180h-019Fh \
  -ASFR4=0200h-021Fh -ASFR5=0280h-029Fh -ASFR6=0300h-031Fh \
  -ASFR7=0380h-039Fh -ASFR8=0400h-041Fh -ASFR9=0480h-049Fh \
  -ASFR10=0500h-051Fh -ASFR11=0580h-059Fh -ASFR12=0600h-061Fh \
  -ASFR13=0680h-06EFh -ASFR14=0700h-076Fh -ASFR15=0780h-07EFh \
  -ASFR16=0800h-086Fh -ASFR17=0880h-08EFh -ASFR18=0900h-096Fh \
  -ASFR19=0980h-09EFh -ASFR20=0A00h-0A6Fh -ASFR21=0A80h-0AEFh \
  -ASFR22=0B00h-0B6Fh -ASFR23=0B80h-0BEFh -ASFR24=0C00h-0C6Fh \
  -ASFR25=0C80h-0CEFh -ASFR26=0D00h-0D6Fh -ASFR27=0D80h-0DEFh \
  -ASFR28=0E00h-0E6Fh -ASFR29=0E80h-0EEFh -ASFR30=0F00h-0F6Fh \
  -ASFR31=0F80h-0FEFh -preset_vec=0400h,intentry=0404h,init,end_init \
  -ppowerup=CODE -pcinit=CODE -pfunctab=CODE -ACONFIG=08007h-0800Ah \
  -pconfig=CONFIG -DCONFIG=2 -AIDLOC=08000h-08003h -pidloc=IDLOC -DIDLOC=2 \
  -AEEDATA=00h-0FFh/0F000h -peeprom_data=EEDATA -DEEDATA=2 -DCODE=2 \
  -DSTRCODE=2 -DSTRING=2 -DCONST=2 -DENTRY=2 -k \
  C:\Users\liruya\AppData\Local\Temp\s89s.obj \
  dist/Program_Bootloader_Application/production\Hagen_Strip_III.X.production.obj 

Object code version is 3.11

Machine type is 16F18345



                Name                               Link     Load   Length Selector   Space Scale
C:\Users\liruya\AppData\Local\Temp\s89s.obj
                end_init                            42E      42E        2      808       0
                reset_vec                           400      400        2      800       0
dist/Program_Bootloader_Application/production\Hagen_Strip_III.X.production.obj
                cinit                               C14      C14      3EC     1828       0
                intentry                            404      404       2A      808       0
                text130                            14AF     14AF        F     295E       0
                text129                            1509     1509       16     2A12       0
                text128                            151F     151F       17     2A3E       0
                text125                             758      758       87      808       0
                text124                            148B     148B        C     2916       0
                text97                              430      430      1EF      808       0
                text96                             14F4     14F4       15     29E8       0
                text95                             14BE     14BE       11     297C       0
                text92                             15CB     15CB       7E     2B96       0
                text91                             1497     1497        C     292E       0
                text63                             155E     155E       32     2ABC       0
                swtext1                             7DF      7DF       20      FBE       0
                text55                             1712     1712       EE     2E24       0
                text35                              61F      61F      139      808       0
                text29                              821      821      3F3     1042       0
                text26                             1536     1536       28     2A6C       0
                text23                             14E0     14E0       14     29C0       0
                text8                              1649     1649       C9     2C92       0
                text1                              1590     1590       3B     2B20       0
                cstackBANK0                          20       20       4F       20       1
                cstackCOMMON                         70       70        D       70       1
                clrtext                            1485     1485        6     290A       0
                inittext                            802      802        6     1004       0
                bssBANK5                            2A0      2A0       40      2A0       1
                bssBANK4                            220      220       40      220       1
                dataBANK3                           1A0      1A0       11      1A0       1
                dataBANK2                           157      157        C      120       1
                bssBANK2                            120      120       37      120       1
                dataBANK1                            C9       C9       19       A0       1
                bssBANK1                             A0       A0       29       A0       1
                bssBANK0                             6F       6F        1       20       1
                bssCOMMON                            7D       7D        1       70       1
                stringtext                         1800     1800       4F     3000       0
                nvBANK1                              E2       E2        9       A0       1
                idataBANK3                         14CF     14CF       11     299E       0
                idataBANK2                         14A3     14A3        C     2946       0
                idataBANK1                          808      808       19     1010       0

TOTAL           Name                               Link     Load   Length     Space
        CLASS   STACK          

        CLASS   CODE           
                end_init                            42E      42E        2         0
                cinit                               C14      C14      3EC         0
                intentry                            404      404       2A         0
                reset_vec                           400      400        2         0
                text130                            14AF     14AF        F         0
                text129                            1509     1509       16         0
                text128                            151F     151F       17         0
                text125                             758      758       87         0
                text124                            148B     148B        C         0
                text97                              430      430      1EF         0
                text96                             14F4     14F4       15         0
                text95                             14BE     14BE       11         0
                text92                             15CB     15CB       7E         0
                text91                             1497     1497        C         0
                text63                             155E     155E       32         0
                text55                             1712     1712       EE         0
                text35                              61F      61F      139         0
                text29                              821      821      3F3         0
                text26                             1536     1536       28         0
                text23                             14E0     14E0       14         0
                text8                              1649     1649       C9         0
                text1                              1590     1590       3B         0
                clrtext                            1485     1485        6         0
                inittext                            802      802        6         0
                idataBANK3                         14CF     14CF       11         0
                idataBANK2                         14A3     14A3        C         0
                idataBANK1                          808      808       19         0

        CLASS   STRCODE        
                stringtext                         1800     1800       4F         0

        CLASS   STRING         

        CLASS   CONST          
                swtext1                             7DF      7DF       20         0

        CLASS   ENTRY          

        CLASS   COMMON         
                cstackCOMMON                         70       70        D         1
                bssCOMMON                            7D       7D        1         1

        CLASS   BANK0          
                cstackBANK0                          20       20       4F         1
                bssBANK0                             6F       6F        1         1

        CLASS   BANK1          
                dataBANK1                            C9       C9       19         1
                bssBANK1                             A0       A0       29         1
                nvBANK1                              E2       E2        9         1

        CLASS   BANK2          
                dataBANK2                           157      157        C         1
                bssBANK2                            120      120       37         1

        CLASS   BANK3          
                dataBANK3                           1A0      1A0       11         1

        CLASS   BANK4          
                bssBANK4                            220      220       40         1

        CLASS   BANK5          
                bssBANK5                            2A0      2A0       40         1

        CLASS   BANK6          

        CLASS   BANK7          

        CLASS   BANK8          

        CLASS   BANK9          

        CLASS   BANK10         

        CLASS   BANK11         

        CLASS   BANK12         

        CLASS   BIGRAM         

        CLASS   RAM            

        CLASS   ABS1           
                abs_s1                               7E       7E        2         1

        CLASS   SFR0           

        CLASS   SFR1           

        CLASS   SFR2           

        CLASS   SFR3           

        CLASS   SFR4           

        CLASS   SFR5           

        CLASS   SFR6           

        CLASS   SFR7           

        CLASS   SFR8           

        CLASS   SFR9           

        CLASS   SFR10          

        CLASS   SFR11          

        CLASS   SFR12          

        CLASS   SFR13          

        CLASS   SFR14          

        CLASS   SFR15          

        CLASS   SFR16          

        CLASS   SFR17          

        CLASS   SFR18          

        CLASS   SFR19          

        CLASS   SFR20          

        CLASS   SFR21          

        CLASS   SFR22          

        CLASS   SFR23          

        CLASS   SFR24          

        CLASS   SFR25          

        CLASS   SFR26          

        CLASS   SFR27          

        CLASS   SFR28          

        CLASS   SFR29          

        CLASS   SFR30          

        CLASS   SFR31          

        CLASS   CONFIG         

        CLASS   IDLOC          

        CLASS   EEDATA         

        CLASS   BANK31         

        CLASS   BANK30         

        CLASS   BANK29         

        CLASS   BANK28         

        CLASS   BANK27         

        CLASS   BANK26         

        CLASS   BANK25         

        CLASS   BANK24         

        CLASS   BANK23         

        CLASS   BANK22         

        CLASS   BANK21         

        CLASS   BANK20         

        CLASS   BANK19         

        CLASS   BANK18         

        CLASS   BANK17         

        CLASS   BANK16         

        CLASS   BANK15         

        CLASS   BANK14         

        CLASS   BANK13         



SEGMENTS        Name                           Load    Length   Top    Selector   Space  Class     Delta

                cstackBANK0                    000020  000050  000070        20       1  BANK0       1
                cstackCOMMON                   000070  00000E  00007E        70       1  COMMON      1
                bssBANK1                       0000A0  00004B  0000EB        A0       1  BANK1       1
                bssBANK2                       000120  000043  000163       120       1  BANK2       1
                dataBANK3                      0001A0  000011  0001B1       1A0       1  BANK3       1
                bssBANK4                       000220  000040  000260       220       1  BANK4       1
                bssBANK5                       0002A0  000040  0002E0       2A0       1  BANK5       1
                reset_vec                      000400  000002  000402       800       0  CODE        2
                intentry                       000404  0003DB  0007DF       808       0  CODE        2
                swtext1                        0007DF  000020  0007FF       FBE       0  CONST       2
                inittext                       000802  000006  000808      1004       0  CODE        2
                idataBANK1                     000808  000019  000821      1010       0  CODE        2
                text29                         000821  0003F3  000C14      1042       0  CODE        2
                cinit                          000C14  0003EC  001000      1828       0  CODE        2
                clrtext                        001485  000006  00148B      290A       0  CODE        2
                text124                        00148B  00000C  001497      2916       0  CODE        2
                text91                         001497  00000C  0014A3      292E       0  CODE        2
                idataBANK2                     0014A3  00000C  0014AF      2946       0  CODE        2
                text130                        0014AF  00000F  0014BE      295E       0  CODE        2
                text95                         0014BE  000011  0014CF      297C       0  CODE        2
                idataBANK3                     0014CF  000011  0014E0      299E       0  CODE        2
                text23                         0014E0  000014  0014F4      29C0       0  CODE        2
                text96                         0014F4  000015  001509      29E8       0  CODE        2
                text129                        001509  000016  00151F      2A12       0  CODE        2
                text128                        00151F  000017  001536      2A3E       0  CODE        2
                text26                         001536  000028  00155E      2A6C       0  CODE        2
                text63                         00155E  000032  001590      2ABC       0  CODE        2
                text1                          001590  00003B  0015CB      2B20       0  CODE        2
                text92                         0015CB  00007E  001649      2B96       0  CODE        2
                text8                          001649  0000C9  001712      2C92       0  CODE        2
                text55                         001712  0000EE  001800      2E24       0  CODE        2
                stringtext                     001800  00004F  00184F      3000       0  STRCODE     2


UNUSED ADDRESS RANGES

        Name                Unused          Largest block    Delta
        BANK1            00EB-00EF              5           1
        BANK10           0520-056F             50           1
        BANK11           05A0-05EF             50           1
        BANK12           0620-064F             30           1
        BANK2            0163-016F              D           1
        BANK3            01B1-01EF             3F           1
        BANK4            0260-026F             10           1
        BANK5            02E0-02EF             10           1
        BANK6            0320-036F             50           1
        BANK7            03A0-03EF             50           1
        BANK8            0420-046F             50           1
        BANK9            04A0-04EF             50           1
        BIGRAM           2000-23EF            3F0           1
        CODE             0402-0403              2           2
                         07FF-0801              1
                         1000-1484            485
                         184F-1FFF            7B1
        CONFIG           8007-800A              4           2
        CONST            0402-0403              2           2
                         07FF-0801              1
                         1000-1484            100
                         184F-1FFF            100
        EEDATA           F000-F0FF            100           2
        ENTRY            0402-0403              2           2
                         07FF-0801              1
                         1000-1484            100
                         184F-1FFF            100
        IDLOC            8000-8003              4           2
        RAM              00EB-00EF              5           1
                         0163-016F              D
                         01B1-01EF             3F
                         0260-026F             10
                         02E0-02EF             10
                         0320-036F             50
                         03A0-03EF             50
                         0420-046F             50
                         04A0-04EF             50
                         0520-056F             50
                         05A0-05EF             50
                         0620-064F             30
        SFR0             0000-001F             20           1
        SFR1             0080-009F             20           1
        SFR10            0500-051F             20           1
        SFR11            0580-059F             20           1
        SFR12            0600-061F             20           1
        SFR13            0680-06EF             70           1
        SFR14            0700-076F             70           1
        SFR15            0780-07EF             70           1
        SFR16            0800-086F             70           1
        SFR17            0880-08EF             70           1
        SFR18            0900-096F             70           1
        SFR19            0980-09EF             70           1
        SFR2             0100-011F             20           1
        SFR20            0A00-0A6F             70           1
        SFR21            0A80-0AEF             70           1
        SFR22            0B00-0B6F             70           1
        SFR23            0B80-0BEF             70           1
        SFR24            0C00-0C6F             70           1
        SFR25            0C80-0CEF             70           1
        SFR26            0D00-0D6F             70           1
        SFR27            0D80-0DEF             70           1
        SFR28            0E00-0E6F             70           1
        SFR29            0E80-0EEF             70           1
        SFR3             0180-019F             20           1
        SFR30            0F00-0F6F             70           1
        SFR31            0F80-0FEF             70           1
        SFR4             0200-021F             20           1
        SFR5             0280-029F             20           1
        SFR6             0300-031F             20           1
        SFR7             0380-039F             20           1
        SFR8             0400-041F             20           1
        SFR9             0480-049F             20           1
        STACK            21D0-23EF            220           1
        STRCODE          0402-0403              2           2
                         07FF-0801              3
                         1000-1484            485
                         184F-1FFF            7B1
        STRING           0402-0403              2           2
                         07FF-0801              1
                         1000-1484            100
                         184F-1FFF            100

                                  Symbol Table

?___lldiv                                        cstackBANK0  002C
?___lmul                                         cstackBANK0  0020
?___lwdiv                                        cstackBANK0  0020
?___lwmod                                        cstackCOMMON 0070
?___wmul                                         cstackBANK0  0023
BLE_CheckDevID@F8119                             dataBANK3    01A0
BLE_CheckDevID@cnt                               cstackBANK0  0041
BLE_CheckDevID@dev                               cstackBANK0  0030
BLE_CheckDevID@index                             cstackBANK0  0044
BLE_CheckDevID@rev                               cstackBANK0  0043
BLE_Receive@rcv                                  cstackCOMMON 0070
BLE_SendCMD@F8112                                dataBANK1    00DB
BLE_SendCMD@ack                                  cstackBANK0  0024
BLE_SendCMD@cnt                                  cstackBANK0  002B
BLE_SendCMD@index                                cstackBANK0  002E
BLE_SendCMD@pBuf                                 cstackBANK0  0021
BLE_SendCMD@rev                                  cstackBANK0  002D
BLE_SendDeviceData@i                             cstackBANK0  0023
BLE_SendDeviceData@len                           cstackBANK0  0021
BLE_SendDeviceData@xor                           cstackBANK0  0022
EEPROM_Read@addr                                 cstackBANK0  0022
EEPROM_ReadBuffer@addr                           cstackBANK0  0026
EEPROM_ReadBuffer@i                              cstackBANK0  0027
EEPROM_ReadBuffer@len                            cstackBANK0  0024
EEPROM_ReadBuffer@pbuf                           cstackBANK0  0023
EEPROM_ReadByte@addr                             cstackBANK0  0020
EEPROM_Write@addr                                cstackBANK0  0025
EEPROM_Write@byte                                cstackBANK0  0024
EEPROM_WriteBuffer@addr                          cstackBANK0  0029
EEPROM_WriteBuffer@i                             cstackBANK0  002A
EEPROM_WriteBuffer@len                           cstackBANK0  0027
EEPROM_WriteBuffer@pbuf                          cstackBANK0  0026
EEPROM_WriteByte@GIEBitValue                     cstackBANK0  0023
EEPROM_WriteByte@addr                            cstackBANK0  0020
EEPROM_WriteByte@byte                            cstackBANK0  0022
EUSART_RCV_ISR@rcv                               cstackCOMMON 0071
EUSART_SetReceiveCallback@callback               cstackBANK0  0020
EUSART_Write@byte                                cstackBANK0  0020
KEY_Read@Cont                                    bssBANK1     00AC
KEY_Read@ReadData                                cstackCOMMON 0070
KEY_Read@Trg                                     bssBANK1     00AD
KEY_Scan@keyNum                                  cstackCOMMON 007C
KEY_Scan@lastKey                                 bssBANK0     006F
KEY_Scan@rptCount                                bssBANK1     00AB
KEY_SetOnStateChangedCallback@callback           cstackBANK0  0020
LED_Action_OnKeyStateChanged@key                 cstackCOMMON 007A
LED_Action_OnKeyStateChanged@state               cstackCOMMON 007B
LED_AutoRun@ct                                   cstackBANK0  0069
LED_AutoRun@dbrt                                 cstackBANK0  005E
LED_AutoRun@dt                                   cstackBANK0  0061
LED_AutoRun@duration                             cstackBANK0  005F
LED_AutoRun@et                                   cstackBANK0  0067
LED_AutoRun@i                                    cstackBANK0  006E
LED_AutoRun@j                                    cstackBANK0  0066
LED_AutoRun@k                                    cstackBANK0  006D
LED_AutoRun@sec                                  cstackBANK0  0065
LED_AutoRun@st                                   cstackBANK0  006B
LED_AutoRun@tr                                   cstackBANK0  0056
LED_AutoRun@val                                  cstackBANK0  0042
LED_FindDeviceFlash@tog                          bssBANK1     00AA
LED_InitPara@i                                   cstackBANK0  002B
LED_InitPara@j                                   cstackBANK0  002A
LED_InitStatus@sta                               cstackBANK0  0026
LED_ManualDecrease@chn                           cstackBANK0  002A
LED_ManualDecrease@delta                         cstackBANK0  0029
LED_ManualIncrease@chn                           cstackBANK0  002A
LED_ManualIncrease@delta                         cstackBANK0  0029
LED_SetAuto@a                                    cstackBANK0  0021
LED_SetCustom@i                                  cstackBANK0  0029
LED_SetCustom@idx                                cstackBANK0  0028
LED_SetCycle@i                                   cstackBANK0  0023
LED_SetCycle@len                                 cstackBANK0  0021
LED_SetCycle@pbuf                                cstackBANK0  0022
LED_SetManualBrights@i                           cstackBANK0  0025
LED_SetManualBrights@pbuf                        cstackBANK0  0022
LED_SetManualBrights@val                         cstackBANK0  0023
LED_SetOn@on                                     cstackBANK0  0021
LED_SetPreviewBrights@i                          cstackBANK0  002A
LED_SetPreviewBrights@pbuf                       cstackBANK0  0029
LED_SetPreviewBrights@val                        cstackBANK0  0027
LED_StateBleAction_OnKeyStateChanged@key         cstackCOMMON 0078
LED_StateBleAction_OnKeyStateChanged@state       cstackCOMMON 0079
LED_StateBle_OnKeyPressShort@i                   cstackCOMMON 0075
LED_StateDayAction_OnKeyStateChanged@key         cstackCOMMON 0078
LED_StateDayAction_OnKeyStateChanged@state       cstackCOMMON 0079
LED_StateNightAction_OnKeyStateChanged@key       cstackCOMMON 0078
LED_StateNightAction_OnKeyStateChanged@state     cstackCOMMON 0079
LED_StateOffAction_OnKeyStateChanged@key         cstackCOMMON 0078
LED_StateOffAction_OnKeyStateChanged@state       cstackCOMMON 0079
LED_TurnOffRamp@i                                cstackBANK0  0020
LED_TurnOnRamp@i                                 cstackBANK0  0020
LED_UpdateBrightRamp@i                           cstackCOMMON 007B
LED_UpdateDayBright@i                            cstackBANK0  0025
LED_UpdateNightBright@i                          cstackBANK0  0025
LED_UpdatePWM@i                                  cstackBANK0  0024
PIN_Initialize@state                             cstackBANK0  0020
PL10                                             text29       0B7A
PL12                                             text29       0B86
PL14                                             text29       0B8E
PL16                                             text29       0B96
PL18                                             text97       05DE
PL2                                              text29       0B4B
PL20                                             text29       0B9E
PL22                                             text97       05E7
PL24                                             cinit        0FB8
PL26                                             cinit        0FBF
PL28                                             text35       0724
PL30                                             text29       0BA8
PL32                                             text35       072C
PL34                                             text29       0BB1
PL36                                             text35       0734
PL38                                             text35       073C
PL4                                              text97       05CC
PL40                                             text97       05F0
PL42                                             text97       05F8
PL44                                             text97       0600
PL46                                             text29       0BBA
PL48                                             cinit        0FC6
PL50                                             text97       0607
PL52                                             cinit        0FCC
PL54                                             text35       0744
PL56                                             cinit        0FD3
PL58                                             text55       17FA
PL6                                              text29       0B67
PL60                                             text35       0749
PL62                                             text97       060E
PL64                                             text97       0614
PL66                                             text97       0619
PL68                                             text8        170C
PL70                                             text35       074E
PL72                                             cinit        0FD9
PL74                                             text35       0753
PL76                                             text29       0BC2
PL78                                             cinit        0FDE
PL8                                              text29       0B6E
PL80                                             cinit        0FE3
PL82                                             text125      07DA
PWM1_LoadDutyValue@dutyValue                     cstackBANK0  0020
PWM2_LoadDutyValue@dutyValue                     cstackBANK0  0020
PWM3_LoadDutyValue@dutyValue                     cstackBANK0  0020
PWM4_LoadDutyValue@dutyValue                     cstackBANK0  0020
PWM5_LoadDutyValue@dutyValue                     cstackBANK0  0020
RTC_IsLeapYear@year                              cstackCOMMON 0075
RTC_SetCurrentTime@i                             cstackBANK0  0022
RTC_SetCurrentTime@time                          cstackBANK0  0021
TMR0_SetInterruptCallback@callback               cstackBANK0  0020
TMR2_InterruptCallback@cnt                       bssBANK1     00AE
TMR2_SetInterruptCallback@callback               cstackBANK0  0020
Util_Decrease@delta                              cstackBANK0  0022
Util_Decrease@min                                cstackBANK0  0023
Util_Decrease@psrc                               cstackBANK0  0020
Util_Increase@delta                              cstackBANK0  0022
Util_Increase@max                                cstackBANK0  0023
Util_Increase@psrc                               cstackBANK0  0020
_ANSELA                                          (abs)        018C
_ANSELB                                          (abs)        018D
_ANSELC                                          (abs)        018E
_BAUD1CON                                        (abs)        019F
_BLE_CheckDevID                                  text55       17BE
_BLE_DecodeData                                  cinit        0C8A
_BLE_Initialize                                  text55       1712
_BLE_ReadyToReceive                              cinit        0DE2
_BLE_Receive                                     text130      14AF
_BLE_ReceiveComplete                             cinit        0DE9
_BLE_SendCMD                                     text55       176E
_BLE_SendDeviceData                              cinit        0D47
_BLE_SendOTAAck                                  cinit        0D35
_BLE_StartReceive                                cinit        0F9A
_BLE_StartTransmit                               cinit        0DA4
_BLE_StopReceive                                 cinit        0FA9
_BLE_StopTransmit                                cinit        0DB5
_CCP1CON                                         (abs)        0293
_CCP1CONbits                                     (abs)        0293
_CCP2CON                                         (abs)        0297
_CCP2CONbits                                     (abs)        0297
_CCP3CON                                         (abs)        0313
_CCP3CONbits                                     (abs)        0313
_CCP4CON                                         (abs)        0317
_CCP4CONbits                                     (abs)        0317
_CCPR1H                                          (abs)        0292
_CCPR1L                                          (abs)        0291
_CCPR2H                                          (abs)        0296
_CCPR2L                                          (abs)        0295
_CCPR3H                                          (abs)        0312
_CCPR3L                                          (abs)        0311
_CCPR4H                                          (abs)        0316
_CCPR4L                                          (abs)        0315
_CCPTMRSbits                                     (abs)        029F
_EEPROM_Read                                     text26       154A
_EEPROM_ReadBuffer                               text26       1536
_EEPROM_ReadByte                                 text26       1550
_EEPROM_Write                                    text29       0BEB
_EEPROM_WriteBuffer                              text29       0BD7
_EEPROM_WriteByte                                text29       0BF3
_EUSART_Initialize                               text8        16ED
_EUSART_RCV_ISR                                  text129      1509
_EUSART_SetReceiveCallback                       text1        15BB
_EUSART_Transmit_ISR                             text128      151F
_EUSART_Write                                    cinit        0D82
_GIE                                             (abs)        005F
_INTCONbits                                      (abs)        000B
_INTERRUPT_InterruptManager                      intentry     0404
_KEY_Read                                        text92       163B
_KEY_Scan                                        text92       15D7
_KEY_SetOnStateChangedCallback                   text1        15AB
_LATA                                            (abs)        010C
_LATAbits                                        (abs)        010C
_LATB                                            (abs)        010D
_LATB5                                           (abs)        086D
_LATBbits                                        (abs)        010D
_LATC                                            (abs)        010E
_LATC1                                           (abs)        0871
_LED_ActionOnSecond                              text29       0821
_LED_Action_OnKeyStateChanged                    text95       14BE
_LED_AutoRun                                     text29       0947
_LED_FindDeviceFlash                             text35       061F
_LED_IndicateBle                                 cinit        0DBF
_LED_IndicateDay                                 cinit        0E54
_LED_IndicateNight                               cinit        0E56
_LED_IndicateOff                                 cinit        0EC2
_LED_InitPara                                    text29       088E
_LED_InitStatus                                  cinit        0E23
_LED_Initialize                                  cinit        0DF0
_LED_ManualDecrease                              cinit        0DC3
_LED_ManualIncrease                              cinit        0EEB
_LED_PrepareToSavePara                           cinit        0DB0
_LED_Preview                                     text29       0B44
_LED_ReadPara                                    text29       0B28
_LED_SavePara                                    text29       0BC7
_LED_SetAuto                                     cinit        0E0E
_LED_SetCustom                                   text29       083A
_LED_SetCycle                                    cinit        0F30
_LED_SetManualBrights                            cinit        0F4D
_LED_SetOn                                       cinit        0DFA
_LED_SetPreviewBrights                           text63       155E
_LED_StartFlash                                  cinit        0FF2
_LED_StartPreview                                cinit        0FF7
_LED_StateBleAction_OnKeyStateChanged            text96       14F4
_LED_StateBle_OnKeyPressShort                    text97       0598
_LED_StateDayAction_OnKeyStateChanged            text97       0470
_LED_StateDay_OnKeyPressCont                     text97       0484
_LED_StateDay_OnKeyPressShort                    text97       04B0
_LED_StateDay_OnKeyRelease                       text97       05C3
_LED_StateNightAction_OnKeyStateChanged          text97       0430
_LED_StateNight_OnKeyPressCont                   text97       0444
_LED_StateNight_OnKeyPressShort                  text97       05C5
_LED_StateNight_OnKeyRelease                     text97       05CA
_LED_StateOffAction_OnKeyPressCont               text97       051D
_LED_StateOffAction_OnKeyPressShort              text97       0516
_LED_StateOffAction_OnKeyStateChanged            text97       0503
_LED_StopPreview                                 cinit        0FFC
_LED_TurnMax                                     text35       064A
_LED_TurnOff                                     text35       0632
_LED_TurnOffRamp                                 cinit        0E49
_LED_TurnOnRamp                                  cinit        0EB0
_LED_UpdateBrightRamp                            text97       055B
_LED_UpdateDayBright                             cinit        0E58
_LED_UpdateDayRiseStatus                         text29       0B30
_LED_UpdateNightBright                           cinit        0E70
_LED_UpdateNightRiseStatus                       text23       14E0
_LED_UpdatePWM                                   cinit        0E98
_MONTH_DAY                                       dataBANK2    0157
_NVMADR                                          (abs)        0891
_NVMADRH                                         (abs)        0892
_NVMADRL                                         (abs)        0891
_NVMCON1                                         (abs)        0895
_NVMCON1bits                                     (abs)        0895
_NVMCON2                                         (abs)        0896
_NVMDATL                                         (abs)        0893
_ODCONA                                          (abs)        028C
_ODCONB                                          (abs)        028D
_ODCONC                                          (abs)        028E
_OSCCON1                                         (abs)        0919
_OSCCON3                                         (abs)        091B
_OSCEN                                           (abs)        091D
_OSCFRQ                                          (abs)        091F
_OSCILLATOR_Initialize                           text8        165C
_OSCTUNE                                         (abs)        091E
_PIE0bits                                        (abs)        0090
_PIE1bits                                        (abs)        0091
_PIN_Initialize                                  text8        1666
_PIR0bits                                        (abs)        0010
_PIR1bits                                        (abs)        0011
_PORTC                                           (abs)        000E
_PPSLOCK                                         (abs)        0E0F
_PPSLOCKbits                                     (abs)        0E0F
_PR2                                             (abs)        001E
_PWM1_Initialize                                 text8        16B0
_PWM1_LoadDutyValue                              text35       0694
_PWM1_LoadDutyValue$intlevel0                    text35       0697
_PWM2_Initialize                                 text8        16BA
_PWM2_LoadDutyValue                              text35       066C
_PWM2_LoadDutyValue$intlevel0                    text35       066F
_PWM3_Initialize                                 text8        16C3
_PWM3_LoadDutyValue                              text35       0680
_PWM3_LoadDutyValue$intlevel0                    text35       0683
_PWM4_Initialize                                 text8        16CE
_PWM4_LoadDutyValue                              text35       06A8
_PWM4_LoadDutyValue$intlevel0                    text35       06AB
_PWM5CON                                         (abs)        0619
_PWM5DCH                                         (abs)        0618
_PWM5DCL                                         (abs)        0617
_PWM5_Initialize                                 text8        16D9
_PWM5_LoadDutyValue                              text35       06BC
_PWM5_LoadDutyValue$intlevel0                    text35       06BF
_PWMTMRSbits                                     (abs)        061F
_PWM_LoadDutyValue                               dataBANK1    00C9
_RA2                                             (abs)        0062
_RB4PPSbits                                      (abs)        0E9C
_RC1STA                                          (abs)        019D
_RC1STAbits                                      (abs)        019D
_RC3PPSbits                                      (abs)        0EA3
_RC4PPSbits                                      (abs)        0EA4
_RC5PPSbits                                      (abs)        0EA5
_RC6PPSbits                                      (abs)        0EA6
_RC7PPSbits                                      (abs)        0EA7
_RCREG                                           (abs)        0199
_RTC_GetHour                                     text29       0B20
_RTC_GetMinute                                   text29       0B22
_RTC_GetSecond                                   text29       0B25
_RTC_Initialize                                  cinit        0FE8
_RTC_IsLeapYear                                  text125      079E
_RTC_IsSecondReady                               cinit        0DF4
_RTC_Run                                         text125      0758
_RTC_SetCurrentTime                              cinit        0F88
_RXPPSbits                                       (abs)        0E24
_SP1BRGH                                         (abs)        019C
_SP1BRGL                                         (abs)        019B
_SYSTEM_Initialize                               text8        1649
_T0CON0                                          (abs)        0017
_T0CON0bits                                      (abs)        0017
_T0CON1                                          (abs)        0018
_T2CON                                           (abs)        001F
_T2CONbits                                       (abs)        001F
_TMR0H                                           (abs)        0016
_TMR0L                                           (abs)        0015
_TMR0_ISR                                        text124      148B
_TMR0_Initialize                                 text8        1701
_TMR0_SetInterruptCallback                       text1        15B3
_TMR0_StartTimer                                 cinit        0FB3
_TMR2                                            (abs)        001D
_TMR2_ISR                                        text91       1497
_TMR2_Initialize                                 text8        16E3
_TMR2_InterruptCallback                          text92       15CB
_TMR2_SetInterruptCallback                       text1        15C3
_TMR2_StartTimer                                 cinit        0FB6
_TRISA                                           (abs)        008C
_TRISB                                           (abs)        008D
_TRISC                                           (abs)        008E
_TRMT                                            (abs)        0CF1
_TX1STA                                          (abs)        019E
_TXREG                                           (abs)        019A
_Util_Decrease                                   cinit        0EC4
_Util_Increase                                   cinit        0F0A
_WPUA                                            (abs)        020C
_WPUB                                            (abs)        020D
_WPUC                                            (abs)        020E
__Habs1                                          abs1         0000
__Hbank0                                         bank0        0000
__Hbank1                                         bank1        0000
__Hbank10                                        bank10       0000
__Hbank11                                        bank11       0000
__Hbank12                                        bank12       0000
__Hbank13                                        bank13       0000
__Hbank14                                        bank14       0000
__Hbank15                                        bank15       0000
__Hbank16                                        bank16       0000
__Hbank17                                        bank17       0000
__Hbank18                                        bank18       0000
__Hbank19                                        bank19       0000
__Hbank2                                         bank2        0000
__Hbank20                                        bank20       0000
__Hbank21                                        bank21       0000
__Hbank22                                        bank22       0000
__Hbank23                                        bank23       0000
__Hbank24                                        bank24       0000
__Hbank25                                        bank25       0000
__Hbank26                                        bank26       0000
__Hbank27                                        bank27       0000
__Hbank28                                        bank28       0000
__Hbank29                                        bank29       0000
__Hbank3                                         bank3        0000
__Hbank30                                        bank30       0000
__Hbank31                                        bank31       0000
__Hbank4                                         bank4        0000
__Hbank5                                         bank5        0000
__Hbank6                                         bank6        0000
__Hbank7                                         bank7        0000
__Hbank8                                         bank8        0000
__Hbank9                                         bank9        0000
__Hbigram                                        bigram       0000
__HbssBANK0                                      bssBANK0     0000
__HbssBANK1                                      bssBANK1     0000
__HbssBANK2                                      bssBANK2     0000
__HbssBANK4                                      bssBANK4     0000
__HbssBANK5                                      bssBANK5     0000
__HbssCOMMON                                     bssCOMMON    0000
__Hcinit                                         cinit        1000
__Hclrtext                                       clrtext      0000
__Hcode                                          code         0000
__Hcommon                                        common       0000
__Hconfig                                        config       0000
__HcstackBANK0                                   cstackBANK0  0000
__HcstackCOMMON                                  cstackCOMMON 0000
__HdataBANK1                                     dataBANK1    0000
__HdataBANK2                                     dataBANK2    0000
__HdataBANK3                                     dataBANK3    0000
__Heeprom_data                                   eeprom_data  0000
__Hend_init                                      end_init     0430
__Hfunctab                                       functab      0000
__HidataBANK1                                    idataBANK1   0000
__HidataBANK2                                    idataBANK2   0000
__HidataBANK3                                    idataBANK3   0000
__Hidloc                                         idloc        0000
__Hinit                                          init         042E
__Hinittext                                      inittext     0000
__Hintentry                                      intentry     042E
__Hmaintext                                      maintext     0000
__HnvBANK1                                       nvBANK1      0000
__Hpa_nodes0                                     pa_nodes0    0000
__Hpowerup                                       powerup      0000
__Hram                                           ram          0000
__Hreset_vec                                     reset_vec    0402
__Hsfr0                                          sfr0         0000
__Hsfr1                                          sfr1         0000
__Hsfr10                                         sfr10        0000
__Hsfr11                                         sfr11        0000
__Hsfr12                                         sfr12        0000
__Hsfr13                                         sfr13        0000
__Hsfr14                                         sfr14        0000
__Hsfr15                                         sfr15        0000
__Hsfr16                                         sfr16        0000
__Hsfr17                                         sfr17        0000
__Hsfr18                                         sfr18        0000
__Hsfr19                                         sfr19        0000
__Hsfr2                                          sfr2         0000
__Hsfr20                                         sfr20        0000
__Hsfr21                                         sfr21        0000
__Hsfr22                                         sfr22        0000
__Hsfr23                                         sfr23        0000
__Hsfr24                                         sfr24        0000
__Hsfr25                                         sfr25        0000
__Hsfr26                                         sfr26        0000
__Hsfr27                                         sfr27        0000
__Hsfr28                                         sfr28        0000
__Hsfr29                                         sfr29        0000
__Hsfr3                                          sfr3         0000
__Hsfr30                                         sfr30        0000
__Hsfr31                                         sfr31        0000
__Hsfr4                                          sfr4         0000
__Hsfr5                                          sfr5         0000
__Hsfr6                                          sfr6         0000
__Hsfr7                                          sfr7         0000
__Hsfr8                                          sfr8         0000
__Hsfr9                                          sfr9         0000
__Hspace_0                                       (abs)        184F
__Hspace_1                                       (abs)        02E0
__Hspace_2                                       (abs)        0000
__Hspace_3                                       (abs)        0000
__Hstack                                         stack        0000
__Hstrings                                       strings      0000
__Hstringtext                                    stringtext   0000
__Htext                                          text         0000
__Labs1                                          abs1         0000
__Lbank0                                         bank0        0000
__Lbank1                                         bank1        0000
__Lbank10                                        bank10       0000
__Lbank11                                        bank11       0000
__Lbank12                                        bank12       0000
__Lbank13                                        bank13       0000
__Lbank14                                        bank14       0000
__Lbank15                                        bank15       0000
__Lbank16                                        bank16       0000
__Lbank17                                        bank17       0000
__Lbank18                                        bank18       0000
__Lbank19                                        bank19       0000
__Lbank2                                         bank2        0000
__Lbank20                                        bank20       0000
__Lbank21                                        bank21       0000
__Lbank22                                        bank22       0000
__Lbank23                                        bank23       0000
__Lbank24                                        bank24       0000
__Lbank25                                        bank25       0000
__Lbank26                                        bank26       0000
__Lbank27                                        bank27       0000
__Lbank28                                        bank28       0000
__Lbank29                                        bank29       0000
__Lbank3                                         bank3        0000
__Lbank30                                        bank30       0000
__Lbank31                                        bank31       0000
__Lbank4                                         bank4        0000
__Lbank5                                         bank5        0000
__Lbank6                                         bank6        0000
__Lbank7                                         bank7        0000
__Lbank8                                         bank8        0000
__Lbank9                                         bank9        0000
__Lbigram                                        bigram       0000
__LbssBANK0                                      bssBANK0     0000
__LbssBANK1                                      bssBANK1     0000
__LbssBANK2                                      bssBANK2     0000
__LbssBANK4                                      bssBANK4     0000
__LbssBANK5                                      bssBANK5     0000
__LbssCOMMON                                     bssCOMMON    0000
__Lcinit                                         cinit        0C14
__Lclrtext                                       clrtext      0000
__Lcode                                          code         0000
__Lcommon                                        common       0000
__Lconfig                                        config       0000
__LcstackBANK0                                   cstackBANK0  0000
__LcstackCOMMON                                  cstackCOMMON 0000
__LdataBANK1                                     dataBANK1    0000
__LdataBANK2                                     dataBANK2    0000
__LdataBANK3                                     dataBANK3    0000
__Leeprom_data                                   eeprom_data  0000
__Lend_init                                      end_init     042E
__Lfunctab                                       functab      0000
__LidataBANK1                                    idataBANK1   0000
__LidataBANK2                                    idataBANK2   0000
__LidataBANK3                                    idataBANK3   0000
__Lidloc                                         idloc        0000
__Linit                                          init         042E
__Linittext                                      inittext     0000
__Lintentry                                      intentry     0404
__Lmaintext                                      maintext     0000
__LnvBANK1                                       nvBANK1      0000
__Lpa_nodes0                                     pa_nodes0    0000
__Lpowerup                                       powerup      0000
__Lram                                           ram          0000
__Lreset_vec                                     reset_vec    0400
__Lsfr0                                          sfr0         0000
__Lsfr1                                          sfr1         0000
__Lsfr10                                         sfr10        0000
__Lsfr11                                         sfr11        0000
__Lsfr12                                         sfr12        0000
__Lsfr13                                         sfr13        0000
__Lsfr14                                         sfr14        0000
__Lsfr15                                         sfr15        0000
__Lsfr16                                         sfr16        0000
__Lsfr17                                         sfr17        0000
__Lsfr18                                         sfr18        0000
__Lsfr19                                         sfr19        0000
__Lsfr2                                          sfr2         0000
__Lsfr20                                         sfr20        0000
__Lsfr21                                         sfr21        0000
__Lsfr22                                         sfr22        0000
__Lsfr23                                         sfr23        0000
__Lsfr24                                         sfr24        0000
__Lsfr25                                         sfr25        0000
__Lsfr26                                         sfr26        0000
__Lsfr27                                         sfr27        0000
__Lsfr28                                         sfr28        0000
__Lsfr29                                         sfr29        0000
__Lsfr3                                          sfr3         0000
__Lsfr30                                         sfr30        0000
__Lsfr31                                         sfr31        0000
__Lsfr4                                          sfr4         0000
__Lsfr5                                          sfr5         0000
__Lsfr6                                          sfr6         0000
__Lsfr7                                          sfr7         0000
__Lsfr8                                          sfr8         0000
__Lsfr9                                          sfr9         0000
__Lspace_0                                       (abs)        0000
__Lspace_1                                       (abs)        0000
__Lspace_2                                       (abs)        0000
__Lspace_3                                       (abs)        0000
__Lstack                                         stack        0000
__Lstrings                                       strings      0000
__Lstringtext                                    stringtext   0000
__Ltext                                          text         0000
__S0                                             (abs)        184F
__S1                                             (abs)        02E0
__S2                                             (abs)        0000
__S3                                             (abs)        0000
___bmul                                          text29       0AB0
___bmul@multiplicand                             cstackBANK0  0020
___bmul@multiplier                               cstackBANK0  0022
___bmul@product                                  cstackBANK0  0021
___int_sp                                        stack        0000
___latbits                                       (abs)        0002
___lldiv                                         text29       0AE1
___lldiv@counter                                 cstackBANK0  0038
___lldiv@dividend                                cstackBANK0  0030
___lldiv@divisor                                 cstackBANK0  002C
___lldiv@quotient                                cstackBANK0  0034
___lmul                                          text29       0ABC
___lmul@multiplicand                             cstackBANK0  0024
___lmul@multiplier                               cstackBANK0  0020
___lmul@product                                  cstackBANK0  0028
___lwdiv                                         text29       0869
___lwdiv@counter                                 cstackBANK0  0026
___lwdiv@dividend                                cstackBANK0  0022
___lwdiv@divisor                                 cstackBANK0  0020
___lwdiv@quotient                                cstackBANK0  0024
___lwmod                                         text125      07BA
___lwmod@counter                                 cstackCOMMON 0074
___lwmod@dividend                                cstackCOMMON 0072
___lwmod@divisor                                 cstackCOMMON 0070
___sp                                            stack        0000
___wmul                                          text29       0A9B
___wmul@multiplicand                             cstackBANK0  0025
___wmul@multiplier                               cstackBANK0  0023
___wmul@product                                  cstackBANK0  0027
__end_ofPL10                                     text29       0B86
__end_ofPL12                                     text29       0B8E
__end_ofPL14                                     text29       0B96
__end_ofPL16                                     text29       0B9E
__end_ofPL18                                     text97       05E7
__end_ofPL2                                      text29       0B67
__end_ofPL20                                     text29       0BA8
__end_ofPL22                                     text97       05F0
__end_ofPL24                                     cinit        0FBF
__end_ofPL26                                     cinit        0FC6
__end_ofPL28                                     text35       072C
__end_ofPL30                                     text29       0BB1
__end_ofPL32                                     text35       0734
__end_ofPL34                                     text29       0BBA
__end_ofPL36                                     text35       073C
__end_ofPL38                                     text35       0744
__end_ofPL4                                      text97       05DE
__end_ofPL40                                     text97       05F8
__end_ofPL42                                     text97       0600
__end_ofPL44                                     text97       0607
__end_ofPL46                                     text29       0BC2
__end_ofPL48                                     cinit        0FCC
__end_ofPL50                                     text97       060E
__end_ofPL52                                     cinit        0FD3
__end_ofPL54                                     text35       0749
__end_ofPL56                                     cinit        0FD9
__end_ofPL58                                     text55       1800
__end_ofPL6                                      text29       0B6E
__end_ofPL60                                     text35       074E
__end_ofPL62                                     text97       0614
__end_ofPL64                                     text97       0619
__end_ofPL66                                     text97       061F
__end_ofPL68                                     text8        1712
__end_ofPL70                                     text35       0753
__end_ofPL72                                     cinit        0FDE
__end_ofPL74                                     text35       0758
__end_ofPL76                                     text29       0BC7
__end_ofPL78                                     cinit        0FE3
__end_ofPL8                                      text29       0B7A
__end_ofPL80                                     cinit        0FE8
__end_ofPL82                                     text125      07DF
__end_of_BLE_CheckDevID                          text55       17FA
__end_of_BLE_DecodeData                          cinit        0D35
__end_of_BLE_Initialize                          text55       176E
__end_of_BLE_ReadyToReceive                      cinit        0DE9
__end_of_BLE_Receive                             text130      14BE
__end_of_BLE_ReceiveComplete                     cinit        0DF0
__end_of_BLE_SendCMD                             text55       17BE
__end_of_BLE_SendDeviceData                      cinit        0D82
__end_of_BLE_SendOTAAck                          cinit        0D47
__end_of_BLE_StartReceive                        cinit        0FA9
__end_of_BLE_StartTransmit                       cinit        0DB0
__end_of_BLE_StopReceive                         cinit        0FB3
__end_of_BLE_StopTransmit                        cinit        0DBF
__end_of_EEPROM_Read                             text26       1550
__end_of_EEPROM_ReadBuffer                       text26       154A
__end_of_EEPROM_ReadByte                         text26       155E
__end_of_EEPROM_Write                            text29       0BF3
__end_of_EEPROM_WriteBuffer                      text29       0BEB
__end_of_EEPROM_WriteByte                        text29       0C14
__end_of_EUSART_Initialize                       text8        1701
__end_of_EUSART_RCV_ISR                          text129      151F
__end_of_EUSART_SetReceiveCallback               text1        15C3
__end_of_EUSART_Transmit_ISR                     text128      1536
__end_of_EUSART_Write                            cinit        0DA4
__end_of_INTERRUPT_InterruptManager              intentry     042E
__end_of_KEY_Read                                text92       1649
__end_of_KEY_Scan                                text92       163B
__end_of_KEY_SetOnStateChangedCallback           text1        15B3
__end_of_LED_ActionOnSecond                      text29       083A
__end_of_LED_Action_OnKeyStateChanged            text95       14CF
__end_of_LED_AutoRun                             text29       0A9B
__end_of_LED_FindDeviceFlash                     text35       0632
__end_of_LED_IndicateBle                         cinit        0DC3
__end_of_LED_IndicateDay                         cinit        0E56
__end_of_LED_IndicateNight                       cinit        0E58
__end_of_LED_IndicateOff                         cinit        0EC4
__end_of_LED_InitPara                            text29       0947
__end_of_LED_InitStatus                          cinit        0E49
__end_of_LED_Initialize                          cinit        0DF4
__end_of_LED_ManualDecrease                      cinit        0DE2
__end_of_LED_ManualIncrease                      cinit        0F0A
__end_of_LED_PrepareToSavePara                   cinit        0DB5
__end_of_LED_Preview                             text29       0B4B
__end_of_LED_ReadPara                            text29       0B30
__end_of_LED_SavePara                            text29       0BD7
__end_of_LED_SetAuto                             cinit        0E23
__end_of_LED_SetCustom                           text29       0869
__end_of_LED_SetCycle                            cinit        0F4D
__end_of_LED_SetManualBrights                    cinit        0F88
__end_of_LED_SetOn                               cinit        0E0E
__end_of_LED_SetPreviewBrights                   text63       1590
__end_of_LED_StartFlash                          cinit        0FF7
__end_of_LED_StartPreview                        cinit        0FFC
__end_of_LED_StateBleAction_OnKeyStateChanged    text96       1509
__end_of_LED_StateBle_OnKeyPressShort            text97       05AB
__end_of_LED_StateDayAction_OnKeyStateChanged    text97       0484
__end_of_LED_StateDay_OnKeyPressCont             text97       04B0
__end_of_LED_StateDay_OnKeyPressShort            text97       04B6
__end_of_LED_StateDay_OnKeyRelease               text97       05C5
__end_of_LED_StateNightAction_OnKeyStateChanged  text97       0444
__end_of_LED_StateNight_OnKeyPressCont           text97       0470
__end_of_LED_StateNight_OnKeyPressShort          text97       05C8
__end_of_LED_StateNight_OnKeyRelease             text97       05CC
__end_of_LED_StateOffAction_OnKeyPressCont       text97       0526
__end_of_LED_StateOffAction_OnKeyPressShort      text97       051C
__end_of_LED_StateOffAction_OnKeyStateChanged    text97       0516
__end_of_LED_StopPreview                         cinit        1000
__end_of_LED_TurnMax                             text35       066C
__end_of_LED_TurnOff                             text35       064A
__end_of_LED_TurnOffRamp                         cinit        0E54
__end_of_LED_TurnOnRamp                          cinit        0EC2
__end_of_LED_UpdateBrightRamp                    text97       0598
__end_of_LED_UpdateDayBright                     cinit        0E70
__end_of_LED_UpdateDayRiseStatus                 text29       0B44
__end_of_LED_UpdateNightBright                   cinit        0E98
__end_of_LED_UpdateNightRiseStatus               text23       14F4
__end_of_LED_UpdatePWM                           cinit        0EB0
__end_of_OSCILLATOR_Initialize                   text8        1666
__end_of_PIN_Initialize                          text8        16B0
__end_of_PWM1_Initialize                         text8        16BA
__end_of_PWM1_LoadDutyValue                      text35       06A8
__end_of_PWM2_Initialize                         text8        16C3
__end_of_PWM2_LoadDutyValue                      text35       0680
__end_of_PWM3_Initialize                         text8        16CE
__end_of_PWM3_LoadDutyValue                      text35       0694
__end_of_PWM4_Initialize                         text8        16D9
__end_of_PWM4_LoadDutyValue                      text35       06BC
__end_of_PWM5_Initialize                         text8        16E3
__end_of_PWM5_LoadDutyValue                      text35       06D9
__end_of_RTC_GetHour                             text29       0B22
__end_of_RTC_GetMinute                           text29       0B25
__end_of_RTC_GetSecond                           text29       0B28
__end_of_RTC_Initialize                          cinit        0FF2
__end_of_RTC_IsLeapYear                          text125      07BA
__end_of_RTC_IsSecondReady                       cinit        0DFA
__end_of_RTC_Run                                 text125      079E
__end_of_RTC_SetCurrentTime                      cinit        0F9A
__end_of_SYSTEM_Initialize                       text8        165C
__end_of_TMR0_ISR                                text124      1497
__end_of_TMR0_Initialize                         text8        170C
__end_of_TMR0_SetInterruptCallback               text1        15BB
__end_of_TMR0_StartTimer                         cinit        0FB6
__end_of_TMR2_ISR                                text91       14A3
__end_of_TMR2_Initialize                         text8        16ED
__end_of_TMR2_InterruptCallback                  text92       15D7
__end_of_TMR2_SetInterruptCallback               text1        15CB
__end_of_TMR2_StartTimer                         cinit        0FB8
__end_of_Util_Decrease                           cinit        0EEB
__end_of_Util_Increase                           cinit        0F30
__end_of___bmul                                  text29       0ABC
__end_of___lldiv                                 text29       0B20
__end_of___lmul                                  text29       0AE1
__end_of___lwdiv                                 text29       088E
__end_of___lwmod                                 text125      07DA
__end_of___wmul                                  text29       0AB0
__end_of__initialization                         cinit        0C5A
__end_of_main                                    cinit        0C8A
__end_of_registerCallback                        text1        15AB
__end_ofi1_LED_IndicateBle                       text97       05CA
__end_ofi1_LED_IndicateDay                       text97       051D
__end_ofi1_LED_IndicateNight                     text97       04B7
__end_ofi1_LED_IndicateOff                       text97       05C3
__end_ofi1_LED_UpdateDayBright                   text97       0547
__end_ofi1_LED_UpdateDayRiseStatus               text97       055B
__end_ofi1_LED_UpdateNightBright                 text97       04EF
__end_ofi1_LED_UpdateNightRiseStatus             text97       0503
__end_ofi1_LED_UpdatePWM                         text97       05C2
__end_ofi1_PWM1_LoadDutyValue                    text35       06FD
__end_ofi1_PWM2_LoadDutyValue                    text35       070A
__end_ofi1_PWM3_LoadDutyValue                    text35       0717
__end_ofi1_PWM4_LoadDutyValue                    text35       0724
__end_ofi1_PWM5_LoadDutyValue                    text35       06F0
__initialization                                 cinit        0C14
__pbssBANK0                                      bssBANK0     006F
__pbssBANK1                                      bssBANK1     00A0
__pbssBANK2                                      bssBANK2     0120
__pbssBANK4                                      bssBANK4     0220
__pbssBANK5                                      bssBANK5     02A0
__pbssCOMMON                                     bssCOMMON    007D
__pcstackBANK0                                   cstackBANK0  0020
__pcstackCOMMON                                  cstackCOMMON 0070
__pdataBANK1                                     dataBANK1    00C9
__pdataBANK2                                     dataBANK2    0157
__pdataBANK3                                     dataBANK3    01A0
__pidataBANK1                                    idataBANK1   0808
__pidataBANK2                                    idataBANK2   14A3
__pidataBANK3                                    idataBANK3   14CF
__pintentry                                      intentry     0404
__pmaintext                                      cinit        0C5D
__pnvBANK1                                       nvBANK1      00E2
__pstringtext                                    stringtext   1800
__pswtext1                                       swtext1      07DF
__ptext1                                         text1        1590
__ptext10                                        text8        1701
__ptext100                                       text97       0516
__ptext101                                       text97       051D
__ptext102                                       text97       051C
__ptext103                                       text97       05CA
__ptext104                                       text97       05C5
__ptext105                                       text97       05C8
__ptext106                                       text97       0444
__ptext107                                       text97       05C3
__ptext108                                       text97       0547
__ptext109                                       text97       04B0
__ptext11                                        text8        16D9
__ptext110                                       text97       04EF
__ptext111                                       text97       04B7
__ptext112                                       text97       04B6
__ptext113                                       text97       0484
__ptext114                                       text97       0526
__ptext115                                       text97       0598
__ptext116                                       text97       05AB
__ptext117                                       text35       0717
__ptext118                                       text35       070A
__ptext119                                       text35       06FD
__ptext12                                        text8        16CE
__ptext120                                       text35       06F0
__ptext121                                       text35       06D9
__ptext122                                       text97       05C2
__ptext123                                       text92       163B
__ptext124                                       text124      148B
__ptext125                                       text125      0758
__ptext126                                       text125      079E
__ptext127                                       text125      07BA
__ptext128                                       text128      151F
__ptext129                                       text129      1509
__ptext13                                        text8        16C3
__ptext130                                       text130      14AF
__ptext14                                        text8        16BA
__ptext15                                        text8        16B0
__ptext16                                        text8        1666
__ptext17                                        text8        165C
__ptext18                                        text8        16ED
__ptext19                                        cinit        0DF4
__ptext2                                         text1        15C3
__ptext20                                        cinit        0FE8
__ptext21                                        cinit        0DF0
__ptext22                                        text29       088E
__ptext23                                        text23       14E0
__ptext24                                        text29       0B30
__ptext25                                        text29       0B28
__ptext26                                        text26       1536
__ptext27                                        text26       154A
__ptext28                                        text26       1550
__ptext29                                        text29       0821
__ptext3                                         text1        15B3
__ptext30                                        text29       0BC7
__ptext31                                        text29       0BD7
__ptext32                                        text29       0BEB
__ptext33                                        text29       0BF3
__ptext34                                        text29       0B44
__ptext35                                        text35       061F
__ptext36                                        text35       0632
__ptext37                                        text35       064A
__ptext38                                        cinit        0E23
__ptext39                                        cinit        0E70
__ptext4                                         text1        15AB
__ptext40                                        cinit        0E58
__ptext41                                        cinit        0EC2
__ptext42                                        cinit        0E56
__ptext43                                        cinit        0E54
__ptext44                                        text29       0947
__ptext45                                        text29       0A9B
__ptext46                                        text29       0ABC
__ptext47                                        text29       0AE1
__ptext48                                        text29       0B25
__ptext49                                        text29       0B22
__ptext5                                         text1        15BB
__ptext50                                        text29       0B20
__ptext51                                        cinit        0FA9
__ptext52                                        cinit        0F9A
__ptext53                                        cinit        0DE9
__ptext54                                        cinit        0DE2
__ptext55                                        text55       1712
__ptext56                                        text55       17BE
__ptext57                                        text55       176E
__ptext58                                        cinit        0C8A
__ptext59                                        cinit        0F88
__ptext6                                         cinit        0FB6
__ptext60                                        cinit        0FFC
[...]
      Temps:          0       0       0       0       0       0       0       0       0       0       0       0       0       0
      Totals:         1       0       0       0       0       0       0       0       0       0       0       0       0       0
Total ram usage:        1 bytes
 Hardware stack levels used:    1
 This function calls:
		Nothing
 This function is called by:
		_KEY_Scan
 This function uses a non-reentrant model


 *************** function _TMR0_ISR *****************
 Defined at:
		line 47 in file "src/tmr.c"
 Parameters:    Size  Location     Type
		None
 Auto vars:     Size  Location     Type
		None
 Return value:  Size  Location     Type
                  1    wreg      void 
 Registers used:
		wreg, fsr1l, fsr1h, status,2, status,0, pclath, cstack
 Tracked objects:
		On entry : 
		On exit  : 
		Unchanged: 
 Data sizes:     COMMON   BANK0   BANK1   BANK2   BANK3   BANK4   BANK5   BANK6   BANK7   BANK8   BANK9  BANK10  BANK11  BANK12
      Params:         0       0       0       0       0       0       0       0       0       0       0       0       0       0
      Locals:         0       0       0       0       0       0       0       0       0       0       0       0       0       0
      Temps:          0       0       0       0       0       0       0       0       0       0       0       0       0       0
      Totals:         0       0       0       0       0       0       0       0       0       0       0       0       0       0
Total ram usage:        0 bytes
 Hardware stack levels used:    1
 Hardware stack levels required when called:    3
 This function calls:
		Absolute function
		_RTC_Run
 This function is called by:
		_INTERRUPT_InterruptManager
 This function uses a non-reentrant model


 *************** function _RTC_Run *****************
 Defined at:
		line 71 in file "src/rtc.c"
 Parameters:    Size  Location     Type
		None
 Auto vars:     Size  Location     Type
		None
 Return value:  Size  Location     Type
                  1    wreg      void 
 Registers used:
		wreg, fsr1l, fsr1h, status,2, status,0, pclath, cstack
 Tracked objects:
		On entry : 
		On exit  : 
		Unchanged: 
 Data sizes:     COMMON   BANK0   BANK1   BANK2   BANK3   BANK4   BANK5   BANK6   BANK7   BANK8   BANK9  BANK10  BANK11  BANK12
      Params:         0       0       0       0       0       0       0       0       0       0       0       0       0       0
      Locals:         0       0       0       0       0       0       0       0       0       0       0       0       0       0
      Temps:          0       0       0       0       0       0       0       0       0       0       0       0       0       0
      Totals:         0       0       0       0       0       0       0       0       0       0       0       0       0       0
Total ram usage:        0 bytes
 Hardware stack levels used:    1
 Hardware stack levels required when called:    2
 This function calls:
		_RTC_IsLeapYear
 This function is called by:
		_registerCallback
		_TMR0_ISR
 This function uses a non-reentrant model


 *************** function _RTC_IsLeapYear *****************
 Defined at:
		line 42 in file "src/rtc.c"
 Parameters:    Size  Location     Type
  year            2    5[COMMON] unsigned int 
 Auto vars:     Size  Location     Type
		None
 Return value:  Size  Location     Type
                  1    wreg      unsigned char 
 Registers used:
		wreg, status,2, status,0, pclath, cstack
 Tracked objects:
		On entry : 
		On exit  : 
		Unchanged: 
 Data sizes:     COMMON   BANK0   BANK1   BANK2   BANK3   BANK4   BANK5   BANK6   BANK7   BANK8   BANK9  BANK10  BANK11  BANK12
      Params:         2       0       0       0       0       0       0       0       0       0       0       0       0       0
      Locals:         0       0       0       0       0       0       0       0       0       0       0       0       0       0
      Temps:          0       0       0       0       0       0       0       0       0       0       0       0       0       0
      Totals:         2       0       0       0       0       0       0       0       0       0       0       0       0       0
Total ram usage:        2 bytes
 Hardware stack levels used:    1
 Hardware stack levels required when called:    1
 This function calls:
		___lwmod
 This function is called by:
		_RTC_Run
 This function uses a non-reentrant model


 *************** function ___lwmod *****************
 Defined at:
		line 6 in file "D:\Program Files\Microchip\xc8\v1.41\sources\common\lwmod.c"
 Parameters:    Size  Location     Type
  divisor         2    0[COMMON] unsigned int 
  dividend        2    2[COMMON] unsigned int 
 Auto vars:     Size  Location     Type
  counter         1    4[COMMON] unsigned char 
 Return value:  Size  Location     Type
                  2    0[COMMON] unsigned int 
 Registers used:
		wreg, status,2, status,0
 Tracked objects:
		On entry : 
		On exit  : 
		Unchanged: 
 Data sizes:     COMMON   BANK0   BANK1   BANK2   BANK3   BANK4   BANK5   BANK6   BANK7   BANK8   BANK9  BANK10  BANK11  BANK12
      Params:         4       0       0       0       0       0       0       0       0       0       0       0       0       0
      Locals:         1       0       0       0       0       0       0       0       0       0       0       0       0       0
      Temps:          0       0       0       0       0       0       0       0       0       0       0       0       0       0
      Totals:         5       0       0       0       0       0       0       0       0       0       0       0       0       0
Total ram usage:        5 bytes
 Hardware stack levels used:    1
 This function calls:
		Nothing
 This function is called by:
		_RTC_IsLeapYear
 This function uses a non-reentrant model


 *************** function _EUSART_Transmit_ISR *****************
 Defined at:
		line 55 in file "src/eusart.c"
 Parameters:    Size  Location     Type
		None
 Auto vars:     Size  Location     Type
		None
 Return value:  Size  Location     Type
                  1    wreg      void 
 Registers used:
		wreg, fsr1l, fsr1h, status,2, status,0
 Tracked objects:
		On entry : 
		On exit  : 
		Unchanged: 
 Data sizes:     COMMON   BANK0   BANK1   BANK2   BANK3   BANK4   BANK5   BANK6   BANK7   BANK8   BANK9  BANK10  BANK11  BANK12
      Params:         0       0       0       0       0       0       0       0       0       0       0       0       0       0
      Locals:         0       0       0       0       0       0       0       0       0       0       0       0       0       0
      Temps:          0       0       0       0       0       0       0       0       0       0       0       0       0       0
      Totals:         0       0       0       0       0       0       0       0       0       0       0       0       0       0
Total ram usage:        0 bytes
 Hardware stack levels used:    1
 This function calls:
		Nothing
 This function is called by:
		_INTERRUPT_InterruptManager
 This function uses a non-reentrant model


 *************** function _EUSART_RCV_ISR *****************
 Defined at:
		line 42 in file "src/eusart.c"
 Parameters:    Size  Location     Type
		None
 Auto vars:     Size  Location     Type
  rcv             1    1[COMMON] unsigned char 
 Return value:  Size  Location     Type
                  1    wreg      void 
 Registers used:
		wreg, fsr1l, fsr1h, status,2, status,0, pclath, cstack
 Tracked objects:
		On entry : 
		On exit  : 
		Unchanged: 
 Data sizes:     COMMON   BANK0   BANK1   BANK2   BANK3   BANK4   BANK5   BANK6   BANK7   BANK8   BANK9  BANK10  BANK11  BANK12
      Params:         0       0       0       0       0       0       0       0       0       0       0       0       0       0
      Locals:         1       0       0       0       0       0       0       0       0       0       0       0       0       0
      Temps:          0       0       0       0       0       0       0       0       0       0       0       0       0       0
      Totals:         1       0       0       0       0       0       0       0       0       0       0       0       0       0
Total ram usage:        1 bytes
 Hardware stack levels used:    1
 Hardware stack levels required when called:    1
 This function calls:
		Absolute function
		_BLE_Receive
 This function is called by:
		_INTERRUPT_InterruptManager
 This function uses a non-reentrant model


 *************** function _BLE_Receive *****************
 Defined at:
		line 41 in file "src/ble.c"
 Parameters:    Size  Location     Type
  rcv             1    0[COMMON] unsigned char 
 Auto vars:     Size  Location     Type
		None
 Return value:  Size  Location     Type
                  1    wreg      void 
 Registers used:
		wreg, fsr1l, fsr1h, status,2, status,0
 Tracked objects:
		On entry : 
		On exit  : 
		Unchanged: 
 Data sizes:     COMMON   BANK0   BANK1   BANK2   BANK3   BANK4   BANK5   BANK6   BANK7   BANK8   BANK9  BANK10  BANK11  BANK12
      Params:         1       0       0       0       0       0       0       0       0       0       0       0       0       0
      Locals:         0       0       0       0       0       0       0       0       0       0       0       0       0       0
      Temps:          0       0       0       0       0       0       0       0       0       0       0       0       0       0
      Totals:         1       0       0       0       0       0       0       0       0       0       0       0       0       0
Total ram usage:        1 bytes
 Hardware stack levels used:    1
 This function calls:
		Nothing
 This function is called by:
		_registerCallback
		_EUSART_RCV_ISR
 This function uses a non-reentrant model



MODULE INFORMATION

Module		Function		Class		Link	Load	Size
src/led.c
		_LED_StateNight_OnKeyRelease		CODE           	05CA	0000	3
		_LED_UpdateDayRiseStatus		CODE           	0B30	0000	21
		_LED_ReadPara  		CODE           	0B28	0000	9
		_LED_UpdateNightBright		CODE           	0E70	0000	41
		_LED_TurnOffRamp		CODE           	0E49	0000	12
		_LED_InitPara  		CODE           	088E	0000	186
		_LED_IndicateBle		CODE           	0DBF	0000	5
		_LED_IndicateOff		CODE           	0EC2	0000	3
		_LED_IndicateDay		CODE           	0E54	0000	3
		_LED_Action_OnKeyStateChanged		CODE           	14BE	0000	18
		_LED_ManualDecrease		CODE           	0DC3	0000	32
		_LED_ManualIncrease		CODE           	0EEB	0000	32
		_LED_StateDay_OnKeyRelease		CODE           	05C3	0000	3
		_LED_SetOn     		CODE           	0DFA	0000	21
		_LED_SetAuto   		CODE           	0E0E	0000	22
		_LED_FindDeviceFlash		CODE           	061F	0000	20
		_LED_StateDay_OnKeyPressCont		CODE           	0484	0000	45
		_LED_SavePara  		CODE           	0BC7	0000	17
		_LED_SetCycle  		CODE           	0F30	0000	30
		_LED_StateBle_OnKeyPressShort		CODE           	0598	0000	20
		_LED_StateDay_OnKeyPressShort		CODE           	04B0	0000	7
		_LED_Initialize		CODE           	0DF0	0000	5
		_LED_InitStatus		CODE           	0E23	0000	39
		_LED_SetCustom 		CODE           	083A	0000	48
		_LED_StateNight_OnKeyPressCont		CODE           	0444	0000	45
		_LED_StateBleAction_OnKeyStateChanged		CODE           	14F4	0000	22
		_LED_StateOffAction_OnKeyStateChanged		CODE           	0503	0000	20
		_LED_StateDayAction_OnKeyStateChanged		CODE           	0470	0000	21
		_LED_StateOffAction_OnKeyPressCont		CODE           	051D	0000	10
		_LED_UpdatePWM 		CODE           	0E98	0000	25
		_LED_PrepareToSavePara		CODE           	0DB0	0000	6
		_LED_StartPreview		CODE           	0FF7	0000	6
		_LED_StopPreview		CODE           	0FFC	0000	5
		_LED_SetManualBrights		CODE           	0F4D	0000	60
		_LED_TurnOff   		CODE           	0632	0000	25
		_LED_TurnMax   		CODE           	064A	0000	35
		_LED_UpdateNightRiseStatus		CODE           	14E0	0000	21
		_LED_StateNight_OnKeyPressShort		CODE           	05C5	0000	4
		_LED_StartFlash		CODE           	0FF2	0000	6
		_LED_AutoRun   		CODE           	0947	0000	341
		_LED_StateNightAction_OnKeyStateChanged		CODE           	0430	0000	21
		_LED_UpdateDayBright		CODE           	0E58	0000	25
		_LED_UpdateBrightRamp		CODE           	055B	0000	62
		_LED_TurnOnRamp		CODE           	0EB0	0000	19
		_LED_SetPreviewBrights		CODE           	155E	0000	51
		_LED_ActionOnSecond		CODE           	0821	0000	26
		_LED_Preview   		CODE           	0B44	0000	8
		_LED_StateOffAction_OnKeyPressShort		CODE           	0516	0000	7
		_LED_IndicateNight		CODE           	0E56	0000	3

src/led.c estimated size: 1516

D:\Program Files\Microchip\xc8\v1.41\sources\common\lwdiv.c
		___lwdiv       		CODE           	0869	0000	38

D:\Program Files\Microchip\xc8\v1.41\sources\common\lwdiv.c estimated size: 38

D:\Program Files\Microchip\xc8\v1.41\sources\common\lldiv.c
		___lldiv       		CODE           	0AE1	0000	64

D:\Program Files\Microchip\xc8\v1.41\sources\common\lldiv.c estimated size: 64

src/eusart.c
		_EUSART_Write  		CODE           	0D82	0000	35
		_EUSART_SetReceiveCallback		CODE           	15BB	0000	9
		_EUSART_Transmit_ISR		CODE           	151F	0000	24
		_EUSART_RCV_ISR		CODE           	1509	0000	23
		_EUSART_Initialize		CODE           	16ED	0000	21

src/eusart.c estimated size: 112

D:\Program Files\Microchip\xc8\v1.41\sources\common\Umul8.c
		___bmul        		CODE           	0AB0	0000	13

D:\Program Files\Microchip\xc8\v1.41\sources\common\Umul8.c estimated size: 13

D:\Program Files\Microchip\xc8\v1.41\sources\common\Umul16.c
		___wmul        		CODE           	0A9B	0000	22

D:\Program Files\Microchip\xc8\v1.41\sources\common\Umul16.c estimated size: 22

src/util.c
		_Util_Increase 		CODE           	0F0A	0000	39
		_Util_Decrease 		CODE           	0EC4	0000	40

src/util.c estimated size: 79

src/main.c
		_main          		CODE           	0C5D	0000	46

src/main.c estimated size: 46

src/pwm.c
		_PWM1_Initialize		CODE           	16B0	0000	11
		_PWM5_LoadDutyValue		CODE           	06BC	0000	30
		_PWM2_Initialize		CODE           	16BA	0000	10
		_PWM3_Initialize		CODE           	16C3	0000	12
		_PWM4_Initialize		CODE           	16CE	0000	12
		_PWM5_Initialize		CODE           	16D9	0000	11
		_PWM1_LoadDutyValue		CODE           	0694	0000	21
		_PWM2_LoadDutyValue		CODE           	066C	0000	21
		_PWM3_LoadDutyValue		CODE           	0680	0000	21
		_PWM4_LoadDutyValue		CODE           	06A8	0000	21

src/pwm.c estimated size: 170

D:\Program Files\Microchip\xc8\v1.41\sources\common\Umul32.c
		___lmul        		CODE           	0ABC	0000	38

D:\Program Files\Microchip\xc8\v1.41\sources\common\Umul32.c estimated size: 38

shared
		PL12           		CODE           	0B86	0000	9
		PL50           		CODE           	0607	0000	8
		PL8            		CODE           	0B6E	0000	13
		i1_LED_UpdateNightRiseStatus		CODE           	04EF	0000	21
		PL22           		CODE           	05E7	0000	10
		PL60           		CODE           	0749	0000	6
		PL32           		CODE           	072C	0000	9
		PL70           		CODE           	074E	0000	6
		PL42           		CODE           	05F8	0000	9
		PL80           		CODE           	0FE3	0000	6
		PL14           		CODE           	0B8E	0000	9
		PL52           		CODE           	0FCC	0000	8
		PL24           		CODE           	0FB8	0000	8
		PL62           		CODE           	060E	0000	7
		PL34           		CODE           	0BB1	0000	10
		PL72           		CODE           	0FD9	0000	6
		PL44           		CODE           	0600	0000	8
		PL82           		CODE           	07DA	0000	6
		PL16           		CODE           	0B96	0000	9
		PL54           		CODE           	0744	0000	6
		i1_LED_UpdatePWM		CODE           	05AB	0000	24
		PL26           		CODE           	0FBF	0000	8
		PL64           		CODE           	0614	0000	6
		PL36           		CODE           	0734	0000	9
		PL74           		CODE           	0753	0000	6
		i1_PWM1_LoadDutyValue		CODE           	06F0	0000	14
		PL46           		CODE           	0BBA	0000	9
		i1_PWM4_LoadDutyValue		CODE           	0717	0000	14
		PL18           		CODE           	05DE	0000	10
		PL56           		CODE           	0FD3	0000	7
		PL28           		CODE           	0724	0000	9
		PL66           		CODE           	0619	0000	7
		PL38           		CODE           	073C	0000	9
		PL76           		CODE           	0BC2	0000	6
		PL48           		CODE           	0FC6	0000	7
		PL58           		CODE           	17FA	0000	7
		PL68           		CODE           	170C	0000	7
		PL78           		CODE           	0FDE	0000	6
		i1_LED_UpdateDayBright		CODE           	0526	0000	34
		__initialization		CODE           	0C14	0000	71
		i1_PWM2_LoadDutyValue		CODE           	06FD	0000	14
		i1_PWM5_LoadDutyValue		CODE           	06D9	0000	24
		i1_LED_IndicateBle		CODE           	05C8	0000	3
		i1_LED_IndicateOff		CODE           	05C2	0000	2
		i1_LED_UpdateNightBright		CODE           	04B7	0000	57
		i1_LED_IndicateDay		CODE           	051C	0000	2
		i1_LED_IndicateNight		CODE           	04B6	0000	2
		PL2            		CODE           	0B4B	0000	29
		i1_PWM3_LoadDutyValue		CODE           	070A	0000	14
		PL10           		CODE           	0B7A	0000	13
		PL4            		CODE           	05CC	0000	19
		PL20           		CODE           	0B9E	0000	11
		PL30           		CODE           	0BA8	0000	10
		PL6            		CODE           	0B67	0000	8
		i1_LED_UpdateDayRiseStatus		CODE           	0547	0000	21
		PL40           		CODE           	05F0	0000	9

shared estimated size: 682

src/key.c
		_KEY_Scan      		CODE           	15D7	0000	101
		_KEY_SetOnStateChangedCallback		CODE           	15AB	0000	9
		_KEY_Read      		CODE           	163B	0000	15

src/key.c estimated size: 125

src/tmr.c
		_TMR2_ISR      		CODE           	1497	0000	13
		_TMR0_SetInterruptCallback		CODE           	15B3	0000	9
		_TMR2_Initialize		CODE           	16E3	0000	11
		_TMR2_SetInterruptCallback		CODE           	15C3	0000	9
		_TMR0_StartTimer		CODE           	0FB3	0000	4
		_TMR2_StartTimer		CODE           	0FB6	0000	3
		_TMR0_ISR      		CODE           	148B	0000	13
		_TMR0_Initialize		CODE           	1701	0000	12

src/tmr.c estimated size: 74

src/ble.c
		_BLE_SendCMD   		CODE           	176E	0000	81
		_BLE_StopTransmit		CODE           	0DB5	0000	11
		_BLE_DecodeData		CODE           	0C8A	0000	172
		_BLE_Initialize		CODE           	1712	0000	93
		_BLE_SendOTAAck		CODE           	0D35	0000	19
		_BLE_Receive   		CODE           	14AF	0000	16
		_BLE_CheckDevID		CODE           	17BE	0000	61
		_BLE_SendDeviceData		CODE           	0D47	0000	60
		_BLE_ReceiveComplete		CODE           	0DE9	0000	8
		_BLE_StartReceive		CODE           	0F9A	0000	16
		_BLE_StopReceive		CODE           	0FA9	0000	11
		_BLE_ReadyToReceive		CODE           	0DE2	0000	8
		_BLE_StartTransmit		CODE           	0DA4	0000	13

src/ble.c estimated size: 569

src/eeprom.c
		_EEPROM_Read   		CODE           	154A	0000	7
		_EEPROM_Write  		CODE           	0BEB	0000	9
		_EEPROM_WriteByte		CODE           	0BF3	0000	34
		_EEPROM_ReadBuffer		CODE           	1536	0000	21
		_EEPROM_ReadByte		CODE           	1550	0000	15
		_EEPROM_WriteBuffer		CODE           	0BD7	0000	21

src/eeprom.c estimated size: 107

src/pin.c
		_PIN_Initialize		CODE           	1666	0000	75

src/pin.c estimated size: 75

D:\Program Files\Microchip\xc8\v1.41\sources\common\lwmod.c
		___lwmod       		CODE           	07BA	0000	33

D:\Program Files\Microchip\xc8\v1.41\sources\common\lwmod.c estimated size: 33

src/rtc.c
		_RTC_SetCurrentTime		CODE           	0F88	0000	19
		_RTC_IsSecondReady		CODE           	0DF4	0000	7
		_RTC_IsLeapYear		CODE           	079E	0000	29
		_RTC_GetHour   		CODE           	0B20	0000	3
		_RTC_GetSecond 		CODE           	0B25	0000	4
		_RTC_GetMinute 		CODE           	0B22	0000	4
		_RTC_Initialize		CODE           	0FE8	0000	11
		_RTC_Run       		CODE           	0758	0000	71

src/rtc.c estimated size: 148

src/comman.c
		_registerCallback		CODE           	1590	0000	28
		_TMR2_InterruptCallback		CODE           	15CB	0000	13
		_INTERRUPT_InterruptManager		CODE           	0404	0000	43
		_OSCILLATOR_Initialize		CODE           	165C	0000	11
		_SYSTEM_Initialize		CODE           	1649	0000	20

src/comman.c estimated size: 115

